=== RUN   TestNewClient_Defaults
--- PASS: TestNewClient_Defaults (0.00s)
=== RUN   TestNewClient_MissingAPIKey
--- PASS: TestNewClient_MissingAPIKey (0.00s)
=== RUN   TestNewClient_Options
--- PASS: TestNewClient_Options (0.00s)
=== RUN   TestNewClient_Logger
--- PASS: TestNewClient_Logger (0.00s)
=== RUN   TestClient_PostStream
--- PASS: TestClient_PostStream (0.00s)
=== RUN   TestClient_buildURL
--- PASS: TestClient_buildURL (0.00s)
=== RUN   TestClient_setHeaders
--- PASS: TestClient_setHeaders (0.00s)
PASS
ok  	github.com/ZaguanLabs/groq-go/groq	0.003s
?   	github.com/ZaguanLabs/groq-go/groq/audio	[no test files]
?   	github.com/ZaguanLabs/groq-go/groq/batches	[no test files]
?   	github.com/ZaguanLabs/groq-go/groq/chat	[no test files]
?   	github.com/ZaguanLabs/groq-go/groq/embeddings	[no test files]
?   	github.com/ZaguanLabs/groq-go/groq/examples/chat_completion	[no test files]
?   	github.com/ZaguanLabs/groq-go/groq/examples/compound_ai	[no test files]
?   	github.com/ZaguanLabs/groq-go/groq/examples/documents_rag	[no test files]
?   	github.com/ZaguanLabs/groq-go/groq/examples/reasoning	[no test files]
?   	github.com/ZaguanLabs/groq-go/groq/examples/streaming	[no test files]
?   	github.com/ZaguanLabs/groq-go/groq/files	[no test files]
=== RUN   TestEncoder_Encode
--- PASS: TestEncoder_Encode (0.00s)
PASS
ok  	github.com/ZaguanLabs/groq-go/groq/internal/form	(cached)
=== RUN   TestStringify
=== RUN   TestStringify/nil
=== RUN   TestStringify/simple_map
=== RUN   TestStringify/map_with_int
=== RUN   TestStringify/map_with_bool
=== RUN   TestStringify/map_with_slice_(comma_array)
=== RUN   TestStringify/map_with_interface_slice
=== RUN   TestStringify/nested_map
=== RUN   TestStringify/map_with_time
--- PASS: TestStringify (0.00s)
    --- PASS: TestStringify/nil (0.00s)
    --- PASS: TestStringify/simple_map (0.00s)
    --- PASS: TestStringify/map_with_int (0.00s)
    --- PASS: TestStringify/map_with_bool (0.00s)
    --- PASS: TestStringify/map_with_slice_(comma_array) (0.00s)
    --- PASS: TestStringify/map_with_interface_slice (0.00s)
    --- PASS: TestStringify/nested_map (0.00s)
    --- PASS: TestStringify/map_with_time (0.00s)
PASS
ok  	github.com/ZaguanLabs/groq-go/groq/internal/querystring	(cached)
=== RUN   TestCalculateBackoff
=== RUN   TestCalculateBackoff/exponential_backoff_attempt_0
=== RUN   TestCalculateBackoff/exponential_backoff_attempt_1
=== RUN   TestCalculateBackoff/retry-after_seconds
=== RUN   TestCalculateBackoff/retry-after_http_date
=== RUN   TestCalculateBackoff/retry-after-ms
--- PASS: TestCalculateBackoff (0.00s)
    --- PASS: TestCalculateBackoff/exponential_backoff_attempt_0 (0.00s)
    --- PASS: TestCalculateBackoff/exponential_backoff_attempt_1 (0.00s)
    --- PASS: TestCalculateBackoff/retry-after_seconds (0.00s)
    --- PASS: TestCalculateBackoff/retry-after_http_date (0.00s)
    --- PASS: TestCalculateBackoff/retry-after-ms (0.00s)
=== RUN   TestDefaultShouldRetry
--- PASS: TestDefaultShouldRetry (0.00s)
PASS
ok  	github.com/ZaguanLabs/groq-go/groq/internal/retry	(cached)
=== RUN   TestDecoder_Decode
=== RUN   TestDecoder_Decode/single_event
=== RUN   TestDecoder_Decode/multiple_events
=== RUN   TestDecoder_Decode/event_with_id_and_type
=== RUN   TestDecoder_Decode/multi-line_data
=== RUN   TestDecoder_Decode/comments_ignored
=== RUN   TestDecoder_Decode/no_space_after_colon
--- PASS: TestDecoder_Decode (0.00s)
    --- PASS: TestDecoder_Decode/single_event (0.00s)
    --- PASS: TestDecoder_Decode/multiple_events (0.00s)
    --- PASS: TestDecoder_Decode/event_with_id_and_type (0.00s)
    --- PASS: TestDecoder_Decode/multi-line_data (0.00s)
    --- PASS: TestDecoder_Decode/comments_ignored (0.00s)
    --- PASS: TestDecoder_Decode/no_space_after_colon (0.00s)
PASS
ok  	github.com/ZaguanLabs/groq-go/groq/internal/sse	(cached)
?   	github.com/ZaguanLabs/groq-go/groq/models	[no test files]
=== RUN   TestOptional_Marshal
=== RUN   TestOptional_Marshal/both_set
=== RUN   TestOptional_Marshal/none_set_(nil_pointers)
=== RUN   TestOptional_Marshal/explicit_null_(unset_optional)
=== RUN   TestOptional_Marshal/mixed
=== RUN   TestOptional_Marshal/zero_values
--- PASS: TestOptional_Marshal (0.00s)
    --- PASS: TestOptional_Marshal/both_set (0.00s)
    --- PASS: TestOptional_Marshal/none_set_(nil_pointers) (0.00s)
    --- PASS: TestOptional_Marshal/explicit_null_(unset_optional) (0.00s)
    --- PASS: TestOptional_Marshal/mixed (0.00s)
    --- PASS: TestOptional_Marshal/zero_values (0.00s)
=== RUN   TestOptional_Unmarshal
--- PASS: TestOptional_Unmarshal (0.00s)
PASS
ok  	github.com/ZaguanLabs/groq-go/groq/option	(cached)
=== RUN   TestChatCompletionRequest_Marshal
--- PASS: TestChatCompletionRequest_Marshal (0.00s)
=== RUN   TestChatCompletionRequest_Omit
--- PASS: TestChatCompletionRequest_Omit (0.00s)
=== RUN   TestChatCompletionRequest_ExplicitNull
--- PASS: TestChatCompletionRequest_ExplicitNull (0.00s)
=== RUN   TestChatCompletion_Unmarshal
--- PASS: TestChatCompletion_Unmarshal (0.00s)
PASS
ok  	github.com/ZaguanLabs/groq-go/groq/types	(cached)
